// Jest Snapshot v1, https://goo.gl/fbAQLP

exports[`Search Bar should render Search Input and controllers 1`] = `
Object {
  "asFragment": [Function],
  "baseElement": <body>
    <div>
      <div
        class="flex w-full justify-center"
      >
        <div
          class="inline-flex relative flex-row p-[10px] items-center  flex w-full h-[32px] rounded-[4px] border-[1px] border-[#CBD4E01A] my-[14px] mx-[14px]"
        >
          <div
            class="text-[#008751] mr-[5px] flex-grow-0 flex items-center"
          >
            <span
              class="w-[16px] h-[16px] material-symbols-outlined mt-[3px]"
              style="color: rgb(187, 191, 215); font-size: 16px;"
            >
              search
            </span>
          </div>
          <div
            class="relative flex flex-1 items-center"
          >
            <input
              class="bg-[transparent] outline-none w-full h-full text-[11px] pr-[24px] text-[11px] text-[#6C7086] text-[#6C7086] text-[11px] font-normal pl-[5px] leading-[12.5px]"
              placeholder="Search games here etc..."
              type="text"
              value=""
            />
          </div>
        </div>
      </div>
      <div
        class="flex flex-col items-center rounded-[10px] py-[17px] px-[14px] bg-[#0D1335] text-[12px]"
        style="max-width: 640px;"
      >
        <span
          class="flex w-full text-[#ffffff] justify-center"
        />
      </div>
    </div>
  </body>,
  "container": <div>
    <div
      class="flex w-full justify-center"
    >
      <div
        class="inline-flex relative flex-row p-[10px] items-center  flex w-full h-[32px] rounded-[4px] border-[1px] border-[#CBD4E01A] my-[14px] mx-[14px]"
      >
        <div
          class="text-[#008751] mr-[5px] flex-grow-0 flex items-center"
        >
          <span
            class="w-[16px] h-[16px] material-symbols-outlined mt-[3px]"
            style="color: rgb(187, 191, 215); font-size: 16px;"
          >
            search
          </span>
        </div>
        <div
          class="relative flex flex-1 items-center"
        >
          <input
            class="bg-[transparent] outline-none w-full h-full text-[11px] pr-[24px] text-[11px] text-[#6C7086] text-[#6C7086] text-[11px] font-normal pl-[5px] leading-[12.5px]"
            placeholder="Search games here etc..."
            type="text"
            value=""
          />
        </div>
      </div>
    </div>
    <div
      class="flex flex-col items-center rounded-[10px] py-[17px] px-[14px] bg-[#0D1335] text-[12px]"
      style="max-width: 640px;"
    >
      <span
        class="flex w-full text-[#ffffff] justify-center"
      />
    </div>
  </div>,
  "debug": [Function],
  "findAllByAltText": [Function],
  "findAllByDisplayValue": [Function],
  "findAllByLabelText": [Function],
  "findAllByPlaceholderText": [Function],
  "findAllByRole": [Function],
  "findAllByTestId": [Function],
  "findAllByText": [Function],
  "findAllByTitle": [Function],
  "findByAltText": [Function],
  "findByDisplayValue": [Function],
  "findByLabelText": [Function],
  "findByPlaceholderText": [Function],
  "findByRole": [Function],
  "findByTestId": [Function],
  "findByText": [Function],
  "findByTitle": [Function],
  "getAllByAltText": [Function],
  "getAllByDisplayValue": [Function],
  "getAllByLabelText": [Function],
  "getAllByPlaceholderText": [Function],
  "getAllByRole": [Function],
  "getAllByTestId": [Function],
  "getAllByText": [Function],
  "getAllByTitle": [Function],
  "getByAltText": [Function],
  "getByDisplayValue": [Function],
  "getByLabelText": [Function],
  "getByPlaceholderText": [Function],
  "getByRole": [Function],
  "getByTestId": [Function],
  "getByText": [Function],
  "getByTitle": [Function],
  "queryAllByAltText": [Function],
  "queryAllByDisplayValue": [Function],
  "queryAllByLabelText": [Function],
  "queryAllByPlaceholderText": [Function],
  "queryAllByRole": [Function],
  "queryAllByTestId": [Function],
  "queryAllByText": [Function],
  "queryAllByTitle": [Function],
  "queryByAltText": [Function],
  "queryByDisplayValue": [Function],
  "queryByLabelText": [Function],
  "queryByPlaceholderText": [Function],
  "queryByRole": [Function],
  "queryByTestId": [Function],
  "queryByText": [Function],
  "queryByTitle": [Function],
  "rerender": [Function],
  "unmount": [Function],
}
`;
