// Jest Snapshot v1, https://goo.gl/fbAQLP

exports[`Game Card should render Game Card Container 1`] = `
Object {
  "asFragment": [Function],
  "baseElement": <body>
    <div>
      <div
        class="flex flex-col w-[113px] h-[168px] bg-[#070C26] rounded-[8px] last-of-type:mr-[0]"
        style="width: 113px;"
      >
        <div
          class="flex flex-col relative items-center h-[147px]"
        >
          <div
            class="flex justify-center items-center px-[4px] w-fit h-[14px] rounded-[11px] top-[3px] outline outline-[0.5px] outline-[#00000066] drop-shadow-sash right-[3px] absolute"
          >
            <span
              class="flex text-[12px] text-[#ffffff] mr-[1px] material-symbols-outlined"
            />
            <span
              class="flex text-[#ffffff] text-[10px] font-semibold"
            />
          </div>
          <img
            class="flex rounded-[8px] h-full w-full"
            src="https://casino-test.leetent.co.uk/storage//games/nSabS8jq2lplR3Wl5U7YaFHbYxp42R4YM7t89rgb.png"
          />
        </div>
        <div
          class="flex flex-row justify-between items-center h-[24px] px-[6px]"
        >
          <div
            class="block font-bold text-[10px] text-[#4C5576] overflow-hidden whitespace-nowrap text-ellipsis w-[95px]"
          >
            icecream
          </div>
        </div>
      </div>
    </div>
  </body>,
  "container": <div>
    <div
      class="flex flex-col w-[113px] h-[168px] bg-[#070C26] rounded-[8px] last-of-type:mr-[0]"
      style="width: 113px;"
    >
      <div
        class="flex flex-col relative items-center h-[147px]"
      >
        <div
          class="flex justify-center items-center px-[4px] w-fit h-[14px] rounded-[11px] top-[3px] outline outline-[0.5px] outline-[#00000066] drop-shadow-sash right-[3px] absolute"
        >
          <span
            class="flex text-[12px] text-[#ffffff] mr-[1px] material-symbols-outlined"
          />
          <span
            class="flex text-[#ffffff] text-[10px] font-semibold"
          />
        </div>
        <img
          class="flex rounded-[8px] h-full w-full"
          src="https://casino-test.leetent.co.uk/storage//games/nSabS8jq2lplR3Wl5U7YaFHbYxp42R4YM7t89rgb.png"
        />
      </div>
      <div
        class="flex flex-row justify-between items-center h-[24px] px-[6px]"
      >
        <div
          class="block font-bold text-[10px] text-[#4C5576] overflow-hidden whitespace-nowrap text-ellipsis w-[95px]"
        >
          icecream
        </div>
      </div>
    </div>
  </div>,
  "debug": [Function],
  "findAllByAltText": [Function],
  "findAllByDisplayValue": [Function],
  "findAllByLabelText": [Function],
  "findAllByPlaceholderText": [Function],
  "findAllByRole": [Function],
  "findAllByTestId": [Function],
  "findAllByText": [Function],
  "findAllByTitle": [Function],
  "findByAltText": [Function],
  "findByDisplayValue": [Function],
  "findByLabelText": [Function],
  "findByPlaceholderText": [Function],
  "findByRole": [Function],
  "findByTestId": [Function],
  "findByText": [Function],
  "findByTitle": [Function],
  "getAllByAltText": [Function],
  "getAllByDisplayValue": [Function],
  "getAllByLabelText": [Function],
  "getAllByPlaceholderText": [Function],
  "getAllByRole": [Function],
  "getAllByTestId": [Function],
  "getAllByText": [Function],
  "getAllByTitle": [Function],
  "getByAltText": [Function],
  "getByDisplayValue": [Function],
  "getByLabelText": [Function],
  "getByPlaceholderText": [Function],
  "getByRole": [Function],
  "getByTestId": [Function],
  "getByText": [Function],
  "getByTitle": [Function],
  "queryAllByAltText": [Function],
  "queryAllByDisplayValue": [Function],
  "queryAllByLabelText": [Function],
  "queryAllByPlaceholderText": [Function],
  "queryAllByRole": [Function],
  "queryAllByTestId": [Function],
  "queryAllByText": [Function],
  "queryAllByTitle": [Function],
  "queryByAltText": [Function],
  "queryByDisplayValue": [Function],
  "queryByLabelText": [Function],
  "queryByPlaceholderText": [Function],
  "queryByRole": [Function],
  "queryByTestId": [Function],
  "queryByText": [Function],
  "queryByTitle": [Function],
  "rerender": [Function],
  "unmount": [Function],
}
`;
