// Jest Snapshot v1, https://goo.gl/fbAQLP

exports[`CarouselSlider should render child elements 1`] = `
Object {
  "asFragment": [Function],
  "baseElement": <body>
    <div>
      <div
        class="relative mt-[10px]"
        data-testid="homePageBannerCarousel"
        style="max-width: auto;"
      >
        <div>
          <div>
            <div>
              Slide 1
            </div>
          </div>
          <div>
            <div>
              Slide 2
            </div>
          </div>
          <div>
            <div>
              Slide 3
            </div>
          </div>
          <div>
            <div>
              Slide 4
            </div>
          </div>
          <div>
            <div>
              Slide 5
            </div>
          </div>
          <div>
            <div>
              Slide 6
            </div>
          </div>
        </div>
        <button
          class="carouselSlider navigation-prev arrow"
        >
          <span
            class="text-[18px] material-symbols-outlined"
          >
            keyboard_arrow_left
          </span>
        </button>
        <button
          class="carouselSlider navigation-next arrow"
        >
          <span
            class="text-[18px] ml-[auto] material-symbols-outlined"
          >
            keyboard_arrow_right
          </span>
        </button>
      </div>
    </div>
  </body>,
  "container": <div>
    <div
      class="relative mt-[10px]"
      data-testid="homePageBannerCarousel"
      style="max-width: auto;"
    >
      <div>
        <div>
          <div>
            Slide 1
          </div>
        </div>
        <div>
          <div>
            Slide 2
          </div>
        </div>
        <div>
          <div>
            Slide 3
          </div>
        </div>
        <div>
          <div>
            Slide 4
          </div>
        </div>
        <div>
          <div>
            Slide 5
          </div>
        </div>
        <div>
          <div>
            Slide 6
          </div>
        </div>
      </div>
      <button
        class="carouselSlider navigation-prev arrow"
      >
        <span
          class="text-[18px] material-symbols-outlined"
        >
          keyboard_arrow_left
        </span>
      </button>
      <button
        class="carouselSlider navigation-next arrow"
      >
        <span
          class="text-[18px] ml-[auto] material-symbols-outlined"
        >
          keyboard_arrow_right
        </span>
      </button>
    </div>
  </div>,
  "debug": [Function],
  "findAllByAltText": [Function],
  "findAllByDisplayValue": [Function],
  "findAllByLabelText": [Function],
  "findAllByPlaceholderText": [Function],
  "findAllByRole": [Function],
  "findAllByTestId": [Function],
  "findAllByText": [Function],
  "findAllByTitle": [Function],
  "findByAltText": [Function],
  "findByDisplayValue": [Function],
  "findByLabelText": [Function],
  "findByPlaceholderText": [Function],
  "findByRole": [Function],
  "findByTestId": [Function],
  "findByText": [Function],
  "findByTitle": [Function],
  "getAllByAltText": [Function],
  "getAllByDisplayValue": [Function],
  "getAllByLabelText": [Function],
  "getAllByPlaceholderText": [Function],
  "getAllByRole": [Function],
  "getAllByTestId": [Function],
  "getAllByText": [Function],
  "getAllByTitle": [Function],
  "getByAltText": [Function],
  "getByDisplayValue": [Function],
  "getByLabelText": [Function],
  "getByPlaceholderText": [Function],
  "getByRole": [Function],
  "getByTestId": [Function],
  "getByText": [Function],
  "getByTitle": [Function],
  "queryAllByAltText": [Function],
  "queryAllByDisplayValue": [Function],
  "queryAllByLabelText": [Function],
  "queryAllByPlaceholderText": [Function],
  "queryAllByRole": [Function],
  "queryAllByTestId": [Function],
  "queryAllByText": [Function],
  "queryAllByTitle": [Function],
  "queryByAltText": [Function],
  "queryByDisplayValue": [Function],
  "queryByLabelText": [Function],
  "queryByPlaceholderText": [Function],
  "queryByRole": [Function],
  "queryByTestId": [Function],
  "queryByText": [Function],
  "queryByTitle": [Function],
  "rerender": [Function],
  "unmount": [Function],
}
`;

exports[`CarouselSlider should render successfully 1`] = `
Object {
  "asFragment": [Function],
  "baseElement": <body>
    <div>
      <div
        class="relative mt-[10px]"
        data-testid="homePageBannerCarousel"
        style="max-width: auto;"
      >
        <div>
          <div>
            <div>
              Slide 1
            </div>
          </div>
          <div>
            <div>
              Slide 2
            </div>
          </div>
          <div>
            <div>
              Slide 3
            </div>
          </div>
          <div>
            <div>
              Slide 4
            </div>
          </div>
          <div>
            <div>
              Slide 5
            </div>
          </div>
          <div>
            <div>
              Slide 6
            </div>
          </div>
        </div>
        <button
          class="carouselSlider navigation-prev arrow"
        >
          <span
            class="text-[18px] material-symbols-outlined"
          >
            keyboard_arrow_left
          </span>
        </button>
        <button
          class="carouselSlider navigation-next arrow"
        >
          <span
            class="text-[18px] ml-[auto] material-symbols-outlined"
          >
            keyboard_arrow_right
          </span>
        </button>
      </div>
    </div>
  </body>,
  "container": <div>
    <div
      class="relative mt-[10px]"
      data-testid="homePageBannerCarousel"
      style="max-width: auto;"
    >
      <div>
        <div>
          <div>
            Slide 1
          </div>
        </div>
        <div>
          <div>
            Slide 2
          </div>
        </div>
        <div>
          <div>
            Slide 3
          </div>
        </div>
        <div>
          <div>
            Slide 4
          </div>
        </div>
        <div>
          <div>
            Slide 5
          </div>
        </div>
        <div>
          <div>
            Slide 6
          </div>
        </div>
      </div>
      <button
        class="carouselSlider navigation-prev arrow"
      >
        <span
          class="text-[18px] material-symbols-outlined"
        >
          keyboard_arrow_left
        </span>
      </button>
      <button
        class="carouselSlider navigation-next arrow"
      >
        <span
          class="text-[18px] ml-[auto] material-symbols-outlined"
        >
          keyboard_arrow_right
        </span>
      </button>
    </div>
  </div>,
  "debug": [Function],
  "findAllByAltText": [Function],
  "findAllByDisplayValue": [Function],
  "findAllByLabelText": [Function],
  "findAllByPlaceholderText": [Function],
  "findAllByRole": [Function],
  "findAllByTestId": [Function],
  "findAllByText": [Function],
  "findAllByTitle": [Function],
  "findByAltText": [Function],
  "findByDisplayValue": [Function],
  "findByLabelText": [Function],
  "findByPlaceholderText": [Function],
  "findByRole": [Function],
  "findByTestId": [Function],
  "findByText": [Function],
  "findByTitle": [Function],
  "getAllByAltText": [Function],
  "getAllByDisplayValue": [Function],
  "getAllByLabelText": [Function],
  "getAllByPlaceholderText": [Function],
  "getAllByRole": [Function],
  "getAllByTestId": [Function],
  "getAllByText": [Function],
  "getAllByTitle": [Function],
  "getByAltText": [Function],
  "getByDisplayValue": [Function],
  "getByLabelText": [Function],
  "getByPlaceholderText": [Function],
  "getByRole": [Function],
  "getByTestId": [Function],
  "getByText": [Function],
  "getByTitle": [Function],
  "queryAllByAltText": [Function],
  "queryAllByDisplayValue": [Function],
  "queryAllByLabelText": [Function],
  "queryAllByPlaceholderText": [Function],
  "queryAllByRole": [Function],
  "queryAllByTestId": [Function],
  "queryAllByText": [Function],
  "queryAllByTitle": [Function],
  "queryByAltText": [Function],
  "queryByDisplayValue": [Function],
  "queryByLabelText": [Function],
  "queryByPlaceholderText": [Function],
  "queryByRole": [Function],
  "queryByTestId": [Function],
  "queryByText": [Function],
  "queryByTitle": [Function],
  "rerender": [Function],
  "unmount": [Function],
}
`;
